{
  "verified": true,
  "dimension": 119,
  "active_rods": 47,
  "all_center_faces": 14,
  "candidate_residual_index": 1138,
  "candidate_enumeration_index": 51574,
  "candidate_permutation": [
    6,
    5,
    4,
    3,
    2,
    1,
    0,
    9,
    8,
    7,
    10,
    12,
    11
  ],
  "labeled_counts_by_recurrence": {
    "B9_I4": "73153080",
    "B10_I3": "10501920",
    "B11_I2": "1662804",
    "B12_I1": "293930"
  },
  "r_strict_interval": [
    "0.346645456927389643467869738193878789537187452966783984053969",
    "0.346645456927389643467869738193878789537187452966783984053970"
  ],
  "R_strict_interval": [
    "2.884791881779849106913378116439433445895055565626693666781016",
    "2.884791881779849106913378116439433445895055565626693666781017"
  ],
  "t_root_interval": [
    "1201630728083987485592458043010980069828442699282362694402914847914469517077259709743309/10000000000000000000000000000000000000000000000000000000000000000000000000000000000000000",
    "1201630728083987485592458043010980069828442699282362694402914848114469517077259709743309/10000000000000000000000000000000000000000000000000000000000000000000000000000000000000000"
  ]
}
