{
  "verified": true,
  "max_krawczyk_ratio": 4.890381688908564e-16,
  "contraction_inf_norm": 4.890381688908564e-16,
  "rho": "1/100000000000000000000000000000000000000000000000000000000000000000000000000000000",
  "min_variable_lower": 0.011659921920093427,
  "r_interval": [
    "36110296374450864411308770201706518084853056559161851544966008798631455938198938528030949270069957470131907191389216011/100000000000000000000000000000000000000000000000000000000000000000000000000000000000000000000000000000000000000000000000",
    "36110296374450864411308770201706518084853056559161851544966008798631455938198940528030949270069957470131907191389216011/100000000000000000000000000000000000000000000000000000000000000000000000000000000000000000000000000000000000000000000000"
  ],
  "t_interval": [
    "1303953504250679242909900737135549061134618365162076375244456715112626175613319037655961915852156431980722210708667779768460560888220367470502002965448065303211319093768889314011329724864569162794493345611714121966295602557959305218752121/10000000000000000000000000000000000000000000000000000000000000000000000000000000000000000000000000000000000000000000000000000000000000000000000000000000000000000000000000000000000000000000000000000000000000000000000000000000000000000000000",
    "1303953504250679242909900737135549061134618365162076375244456715112626175613319182097147413655614077215803017534740119180686797535626547334537197491271818098969431217565969593841210252493334719658537345611714121966295602557959305218752121/10000000000000000000000000000000000000000000000000000000000000000000000000000000000000000000000000000000000000000000000000000000000000000000000000000000000000000000000000000000000000000000000000000000000000000000000000000000000000000000000"
  ],
  "seconds": 0.05874896049499512,
  "center_decimal": {
    "r": "0.36110296374450862",
    "u": "0.87734826325923987",
    "v": "0.76916901916340508",
    "w": "0.27824166087442792",
    "c": "0.93426105303324747",
    "s": "0.35658979904816057",
    "z": "1.7320508075688772",
    "P": "0.042221980449500977",
    "Q": "0.032453298593944031",
    "S": "0.024989338586798665",
    "A": "0.011674392369520666",
    "B": "0.011659921920093427",
    "C": "0.042257621388831254",
    "D": "0.028368885012439986"
  }
}
