{
  "verified": true,
  "root_radius": "1/100000000000000000000000000000000000000000000000000000000000000000000000000000000",
  "fixed_bits": 230,
  "vertices": 21,
  "edges": 51,
  "faces": 31,
  "boundary_edges": 9,
  "combinatorial_disk_verified": true,
  "min_oriented_area": 0.04058904053756716,
  "min_boundary_convexity": 0.2812932015320703,
  "min_inactive_r2_margin": 4.29112570161041e-05,
  "inactive_faces": [
    {
      "face": [
        0,
        1,
        11
      ],
      "r2_margin": 4.29112570161041e-05
    },
    {
      "face": [
        0,
        8,
        10
      ],
      "r2_margin": 4.29112570161041e-05
    },
    {
      "face": [
        2,
        3,
        11
      ],
      "r2_margin": 4.29112570161041e-05
    },
    {
      "face": [
        3,
        4,
        9
      ],
      "r2_margin": 4.29112570161041e-05
    },
    {
      "face": [
        5,
        6,
        9
      ],
      "r2_margin": 4.29112570161041e-05
    },
    {
      "face": [
        6,
        7,
        10
      ],
      "r2_margin": 4.29112570161041e-05
    },
    {
      "face": [
        9,
        10,
        11
      ],
      "r2_margin": 0.052976928578907775
    }
  ],
  "max_active_interval_error": 1.506864998716765e-68,
  "gap_half_sine_margin_generic": 0.004517460834189582,
  "gap_half_sine_margin_axial": 0.04847096300723698,
  "seconds": 0.0011017322540283203
}
