VERIFIED symmetric_kkt seconds 0.903369665145874
VERIFIED kkt_structure seconds 3.1308135986328125
VERIFIED thresholds seconds 0.7492146492004395
VERIFIED upper_cover seconds 0.7662684917449951
VERIFIED metric_farkas seconds 54.062814235687256
VERIFIED topology_partition seconds 0.8855555057525635
VERIFIED residual_energies seconds 12.671048402786255
VERIFIED candidate_convexity seconds 0.9211037158966064
{
  "verified": true,
  "theorem": "r_12 equals the r-coordinate of the unique D3 candidate root isolated by cover12_symmetric_kkt_cert.json",
  "decimal_r_center": "0.36110296374450862",
  "r_decimal_high_precision": "0.361102963744508644113087702017065180848530565591618515449660087986314559381989395...",
  "T": "814971/6250000",
  "orbits": 38208,
  "labeled_triangulations": 2831335,
  "farkas_excluded": 38076,
  "residual_topologies": 132,
  "noncandidate_exact": 131,
  "candidate_orbit": [
    9,
    3,
    21015
  ],
  "minimum_noncandidate_margin": 1.5804800350532598e-06,
  "candidate_min_ldl_pivot": 0.01176782653397863,
  "upper_inactive_margin": 4.29112570161041e-05,
  "modules": [
    {
      "name": "symmetric_kkt",
      "seconds": 0.903369665145874,
      "report": "cover12_symmetric_kkt_verified.json",
      "log": "master_logs/symmetric_kkt.log"
    },
    {
      "name": "kkt_structure",
      "seconds": 3.1308135986328125,
      "report": "cover12_kkt_structure_audit_verified.json",
      "log": "master_logs/kkt_structure.log"
    },
    {
      "name": "thresholds",
      "seconds": 0.7492146492004395,
      "report": "cover12_threshold_verified.json",
      "log": "master_logs/thresholds.log"
    },
    {
      "name": "upper_cover",
      "seconds": 0.7662684917449951,
      "report": "cover12_upper_exact_verified.json",
      "log": "master_logs/upper_cover.log"
    },
    {
      "name": "metric_farkas",
      "seconds": 54.062814235687256,
      "report": "metric_exact_safe_verified.json",
      "log": "master_logs/metric_farkas.log"
    },
    {
      "name": "topology_partition",
      "seconds": 0.8855555057525635,
      "report": "cover12_topology_partition_verified.json",
      "log": "master_logs/topology_partition.log"
    },
    {
      "name": "residual_energies",
      "seconds": 12.671048402786255,
      "report": "residual_energy_safe_verified.json",
      "log": "master_logs/residual_energies.log"
    },
    {
      "name": "candidate_convexity",
      "seconds": 0.9211037158966064,
      "report": "cover12_candidate_convex_verified.json",
      "log": "master_logs/candidate_convexity.log"
    }
  ],
  "seconds": 74.10126972198486
}
