PYTHON_BIN="/opt/homebrew/bin/python3" ./cover13/run_verification.sh
COVER13 INPUT MANIFEST PASSED (28 files)
input_manifest PASS
verify_interfaces PASS
verify_root_repaired PASS
verify_upper PASS
anchor_isolation PASS
candidate_global PASS
verify_partition PASS
noncandidate_global PASS
test_fail_closed PASS
compile_orbit_audit PASS
orbit_B12_I1 PASS
orbit_B11_I2 PASS
orbit_B10_I3 PASS
orbit_B9_I4 PASS
{
  "verified": true,
  "finite_certificates_verified": true,
  "enumerated_cases_complete": true,
  "theorem": "r_13 = sqrt(t_star), with t_star defined by the enclosed 119-variable polynomial root certificate.",
  "mathematical_reduction": "See PROOF_zh.md: irreducible-cover no-return lemma, dual triangulation, stellar padding, root-edge counting, and exact dual/local lemmas.",
  "r_strict_interval": [
    "0.346645456927389643467869738193878789537187452966783984053969",
    "0.346645456927389643467869738193878789537187452966783984053970"
  ],
  "R_strict_interval": [
    "2.884791881779849106913378116439433445895055565626693666781016",
    "2.884791881779849106913378116439433445895055565626693666781017"
  ],
  "total_topology_orbits": 308198,
  "metric_excluded": 306437,
  "noncandidate_residuals_excluded": 1760,
  "candidate_orbits": 1,
  "candidate_tree_nodes": 1831,
  "candidate_force_leaves": 837,
  "candidate_local_leaves": 79,
  "noncandidate_tree_nodes": 2908,
  "noncandidate_force_leaves": 2334,
  "candidate_minimum_radius_margin": "670514612931816516593982096693122804560747681/21665343485572712180993124436420857250000000000000000",
  "noncandidate_minimum_radius_margin": "3238281811557444212040606780827110633672730923/135417722187594262774800194951301750000000000000000",
  "orbit_audits": {
    "B9_I4": {
      "verified": true,
      "B": 9,
      "I": 4,
      "representatives": 169918,
      "group_size": 432,
      "orbit_mass": "73153080",
      "brown_total": "73153080",
      "min_stabilizer": 1,
      "max_stabilizer": 6
    },
    "B10_I3": {
      "verified": true,
      "B": 10,
      "I": 3,
      "representatives": 87980,
      "group_size": 120,
      "orbit_mass": "10501920",
      "brown_total": "10501920",
      "min_stabilizer": 1,
      "max_stabilizer": 4
    },
    "B11_I2": {
      "verified": true,
      "B": 11,
      "I": 2,
      "representatives": 37950,
      "group_size": 44,
      "orbit_mass": "1662804",
      "brown_total": "1662804",
      "min_stabilizer": 1,
      "max_stabilizer": 2
    },
    "B12_I1": {
      "verified": true,
      "B": 12,
      "I": 1,
      "representatives": 12350,
      "group_size": 24,
      "orbit_mass": "293930",
      "brown_total": "293930",
      "min_stabilizer": 1,
      "max_stabilizer": 24
    }
  },
  "checks": [
    {
      "check": "verify_interfaces",
      "returncode": 0,
      "seconds": 0.034097909927368164,
      "log_sha256": "a29979f99151ec9c9ef4f4912e5e1e6589b8b62f22cd0a17e5265952d25dd312"
    },
    {
      "check": "verify_root_repaired",
      "returncode": 0,
      "seconds": 1.0434801578521729,
      "log_sha256": "2b090ee9e76c963f69ce49b833b12898df6b68f36b7b6a73a4a4e75d261841f2"
    },
    {
      "check": "verify_upper",
      "returncode": 0,
      "seconds": 0.0496518611907959,
      "log_sha256": "02a541cf66657476ae0b587cad2511fc1477b197a607ba05f3ea345726354684"
    },
    {
      "check": "anchor_isolation",
      "returncode": 0,
      "seconds": 0.06331968307495117,
      "log_sha256": "3328aac04b756eddf417b18f45cd76169a4beae6cc9fe5dfc69dd4adb465bb23"
    },
    {
      "check": "candidate_global",
      "returncode": 0,
      "seconds": 0.22182488441467285,
      "log_sha256": "98f7facef6edbefad7e5e5dd7b791f231dfa020a3a2125d77b30d3631ddd1d58"
    },
    {
      "check": "verify_partition",
      "returncode": 0,
      "seconds": 2.176137924194336,
      "log_sha256": "a8f913f573ad9d97797ae42dad465e50384f533ae8164d1bfa39778e276040f0"
    },
    {
      "check": "noncandidate_global",
      "returncode": 0,
      "seconds": 1.017397165298462,
      "log_sha256": "8de70fe1c66c94ea7419fdf87f14ac751206ac31c171c00bb167de55fb88605f"
    },
    {
      "check": "test_fail_closed",
      "returncode": 0,
      "seconds": 0.4956040382385254,
      "log_sha256": "d7a20089f75c91bc50d6d4c0e160250635dfaa67c2085c8e3c8e2f888e47b44a"
    },
    {
      "check": "compile_orbit_audit",
      "returncode": 0,
      "seconds": 1.0192351341247559,
      "log_sha256": "e3b0c44298fc1c149afbf4c8996fb92427ae41e4649b934ca495991b7852b855"
    },
    {
      "check": "orbit_B9_I4",
      "returncode": 0,
      "seconds": 2.6128010749816895,
      "log_sha256": "6e05d1d69d3712301742ec11e0333d58b548caaa69ef5b687b41cb08cd9738c5"
    },
    {
      "check": "orbit_B10_I3",
      "returncode": 0,
      "seconds": 0.9511311054229736,
      "log_sha256": "be701efad21aff8fde5ca28e790a79387e158c272af98c551347b5afe1205f1f"
    },
    {
      "check": "orbit_B11_I2",
      "returncode": 0,
      "seconds": 0.4050931930541992,
      "log_sha256": "5d5486c730bf24a29d08b96846cc534f64de57b705d1a900aedb5d321a22cca7"
    },
    {
      "check": "orbit_B12_I1",
      "returncode": 0,
      "seconds": 0.17371273040771484,
      "log_sha256": "821eb010ff257c6164293d8886ec4e47526fbdf208eeda50c366cfea8e7fe519"
    }
  ],
  "seconds": 8.756019830703735,
  "status_note": "This is an exact-arithmetic computer-assisted proof with written geometric reductions, not a Lean/Coq formalization or a claim of peer review."
}
COVER13 EXACT MASTER REPLAY PASSED
real 9.19
user 9.66
sys 0.34
