=== python /mnt/data/cover11_fixed_trig.py
0 1.5820204847504655e-33 1.401218143636126e-32
0.1 1.5820204847504867e-33 1.4012181436361282e-32
1 1.582020484750486e-33 1.401218143636128e-32
2 1.582020484750486e-33 1.401218143636128e-32
3.14 1.5820204847504962e-33 1.401218143636129e-32
4 1.5820204847504874e-33 1.4012181436361282e-32
6.2 1.582020484750681e-33 1.4012181436361476e-32
=== python /mnt/data/cover11_reduction_constants_verify.py
GLOBAL REDUCTION CONSTANTS VERIFIED
sin2_minus_T 8.153030449619484e-07
two_pi_lower_minus_8delta 0.04670530717958648
one_minus_4T 0.4224490854728028
=== python /mnt/data/cover11_metric_Tplus.py verify /mnt/data/cover11_metric_Tplus.json
VERIFIED (9, 1) excluded 288 residual 3 minmargin 0.4911853042333665
VERIFIED (9, 2) excluded 2514 residual 34 minmargin 0.4911853042333665
VERIFIED (10, 1) excluded 986 residual 18 minmargin 0.017685303810086477
=== python /mnt/data/cover11_full_kkt_certificate.py verify
FULL KKT RATIONAL CERTIFICATE VERIFIED
ratio 7.679398971318621e-42 edge multiplier lower 0.0029344413783886094 t interval 0.14438772863179913 0.14438772863179913
=== python /mnt/data/cover11_local_exact_audit2.py
D rounding error 3.8277608889106903e-34
projection residual norm 3.0183470871401855e-15
lambda min 0.0763854
polar vertices 8 maxnorm 729.8222085240884 inradius lower 0.00135
H block 0 passed
H block 2 passed
H block 4 passed
H block 5 passed
H block 9 passed
H block 11 passed
raw M3max 3.0599030628316757 raw Habsmax 1.2524753147754608
M3max 3.0599030628316757 Hnorm crude 1.2524753147754608
FINAL local inequalities 0.00017433333333333333 0.0005429235333333333
LOCAL CENTRAL CERTIFICATE VERIFIED
=== python /mnt/data/cover11_local_theorem_verify_v2.py
LOCAL TRANSFER CERTIFICATE VERIFIED
Tplus minus t upper endpoint 1.5686736575849854e-16
B inverse eta 8.982537113211718e-13 proposal residual 1.2450916974790038e-41 weight correction inf 5.478403468907616e-38
gap error 5.604872574545316e-32 central trig halfwidth 7.00609071818069e-33 D total error 4.0249834137913644e-34 grad error 2.0927513559370734e-30 H error 5.5806702824988626e-30
subspace tau 1e-08 sharpness lower 0.00134990789 H transfer loss 9.000000135e-08
local endpoint margins 0.00017433333333333333 0.0005429235333333333
=== python /mnt/data/cover11_candidate_structure_verify.py
CANDIDATE CERTIFICATE STRUCTURE VERIFIED
direct 100834 deferred 5302 refined_extra [20052]
{'external': 153052, 'local': 1953, 'empty': 0, 'split': 149703}
=== python /mnt/data/cover11_exact_upper_candidate_v2.py
EXACT ALGEBRAIC CANDIDATE COVER VERIFIED
faces 29 min orientation 0.025030815566703238 center-unit margin 0.20340496163246233
slack circum polynomial margin 0.0004356881782666018 q-cycle margin 0.5325782338955547 arc sign margin 0.19424295857193732
t interval 0.14438772863179913 0.14438772863179913 old rational R2 margin 8.825583080067585e-13
=== python /mnt/data/cover11_wheel_row_validity_verify.py
PURE-FRACTION WHEEL ROW VALIDITY VERIFIED
minimum exact LDL pivot 1.3580497600428842e-13
=== python /mnt/data/cover11_aggregate_results.py
COVER11 COMPLETE CERTIFICATE AGGREGATE VERIFIED
{
  "status": "complete",
  "exact_definition": "t* is the t-coordinate of the unique root in cover11_full_kkt_certificate.json; r*=sqrt(t*)",
  "t_interval": [
    [
      "522467398703333782390228249644413393860860823150729614802366028195074400022156043330421834863244167060009371975615089377",
      "3618502788666131106986593281521497120414687020801267626233049500247285301248000000000000000000000000000000000000000000000"
    ],
    [
      "522467398703333782390228249644413393860860830387735192134628242168260963065150284159795876465779419526108372470185691873",
      "3618502788666131106986593281521497120414687020801267626233049500247285301248000000000000000000000000000000000000000000000"
    ]
  ],
  "t_midpoint_decimal": "0.14438772863179913",
  "Tplus": [
    "1443877286317993",
    "10000000000000000"
  ],
  "Tplus_minus_t_upper_float": 1.5686736575849854e-16,
  "enumeration": [
    {
      "case": "9,1",
      "orbits": 291,
      "excluded": 288,
      "residual": 3
    },
    {
      "case": "9,2",
      "orbits": 2548,
      "excluded": 2514,
      "residual": 34
    },
    {
      "case": "10,1",
      "orbits": 1004,
      "excluded": 986,
      "residual": 18
    }
  ],
  "candidate": {
    "old_leaves": 106136,
    "direct_exact": 100834,
    "deferred": 5302,
    "base_minmargin_float": 1.910664449265209e-09,
    "refined_roots": 5302,
    "refined_nodes": 304708,
    "external_exact_leaves": 153052,
    "local_leaves": 1953,
    "refined_empty": 0,
    "external_minmargin_float": 1.832201722048353e-12
  },
  "wheel": {
    "old_leaves": 4853,
    "direct": 4781,
    "refined_exact_leaves": 145,
    "minmargin_float": 5.1818456427861605e-09
  },
  "other_residuals": {
    "topologies": 53,
    "stresses": 167,
    "nodes": 13825,
    "leaves": 13789,
    "empty": 0,
    "minmargin_float": 6.604069438908815e-07
  },
  "proof_conclusion": "r_11 = sqrt(t*)"
}
ALL_NONENUM_QUICK_PASSED
