{
  "verified": true,
  "T": "814971/6250000",
  "delta": "73891/100000",
  "r_interval": [
    "36110296374450864411308770201706518084853056559161851544966008798631455938198938528030949270069957470131907191389216011/100000000000000000000000000000000000000000000000000000000000000000000000000000000000000000000000000000000000000000000000",
    "36110296374450864411308770201706518084853056559161851544966008798631455938198940528030949270069957470131907191389216011/100000000000000000000000000000000000000000000000000000000000000000000000000000000000000000000000000000000000000000000000"
  ],
  "t_interval": [
    "1303953504250679242909900737135549061134618365162076375244456715112626175613319037655961915852156431980722210708667779768460560888220367470502002965448065303211319093768889314011329724864569162794493345611714121966295602557959305218752121/10000000000000000000000000000000000000000000000000000000000000000000000000000000000000000000000000000000000000000000000000000000000000000000000000000000000000000000000000000000000000000000000000000000000000000000000000000000000000000000000",
    "1303953504250679242909900737135549061134618365162076375244456715112626175613319182097147413655614077215803017534740119180686797535626547334537197491271818098969431217565969593841210252493334719658537345611714121966295602557959305218752121/10000000000000000000000000000000000000000000000000000000000000000000000000000000000000000000000000000000000000000000000000000000000000000000000000000000000000000000000000000000000000000000000000000000000000000000000000000000000000000000000"
  ],
  "T_minus_t_upper": "95749320757090099262864450938865381634837923624755543284887373824386680817902852586344385922784196982465259880819313202464373452665462802508728181901030568782434030406158789747506665280341462654388285878033704397442040694781247879/10000000000000000000000000000000000000000000000000000000000000000000000000000000000000000000000000000000000000000000000000000000000000000000000000000000000000000000000000000000000000000000000000000000000000000000000000000000000000000000000",
  "T_minus_t_upper_float": 9.57493207570901e-09,
  "half_minus_r_upper": "13889703625549135588691229798293481915146943440838148455033991201368544061801059471969050729930042529868092808610783989/100000000000000000000000000000000000000000000000000000000000000000000000000000000000000000000000000000000000000000000000",
  "half_minus_r_upper_float": 0.13889703625549135,
  "sin2_delta_half_minus_T": "743871528132822618957223927753058071691986331697885588900727752820924281345038442742157915827209627232822618812361/240490760476040522535882813111228111603269893008211954760426595484898204171735904610682777434600315190470141542400000000",
  "sin2_delta_half_minus_T_float": 3.0931397391748555e-06,
  "two_pi_minus_8delta": "15463586793851421504037301522394878486502322490726130273325756795462825762632614276017038954459985100368432958251301976234390110031633590284754479184329337832213242633185626175660012154984311405013688907250915824488795666830517555656521047493885842301299226986223169820977/41579365756091051680295051879883693524504677298226496397929224209754603029133165379735856599787920035975485419470012472901873772994893823206149713697317485849450852198174818662229401221885276996748309266901673333508269571455343103366653068064806575421243906021118164062500",
  "two_pi_minus_8delta_float": 0.3719053071795865,
  "pi_minus_4delta": "15463586793851421504037301522394878486502322490726130273325756795462825762632614276017038954459985100368432958251301976234390110031633590284754479184329337832213242633185626175660012154984311405013688907250915824488795666830517555656521047493885842301299226986223169820977/83158731512182103360590103759767387049009354596452992795858448419509206058266330759471713199575840071950970838940024945803747545989787646412299427394634971698901704396349637324458802443770553993496618533803346667016539142910686206733306136129613150842487812042236328125000",
  "pi_minus_4delta_float": 0.18595265358979324,
  "angle_chord_margins": {
    "2": "743871528132822618957223927753058071691986331697885588900727752820924281345038442742157915827209627232822618812361/60122690119010130633970703277807027900817473252052988690106648871224551042933976152670694358650078797617535385600000000",
    "3": "5205848982564986951907325406695326903279356963846105382864685072916086624152557983580620909962188392487063219311249/240490760476040522535882813111228111603269893008211954760426595484898204171735904610682777434600315190470141542400000000",
    "4": "521968143338346438805187433774548647829683252124499820149802750242548779116323049037020007642002076607266471937361/15030672529752532658492675819451756975204368313013247172526662217806137760733494038167673589662519699404383846400000000",
    "5": "23481492937210477748493559285638086782281708588571811213090475178896435835820198543067896849187421868062498752921/601226901190101306339707032778070279008174732520529886901066488712245510429339761526706943586500787976175353856000000"
  },
  "seconds": 0.0006201267242431641
}
