=== verify_interfaces18
PASSED verify_interfaces18
=== verify_root18
PASSED verify_root18
=== verify_upper18
PASSED verify_upper18
=== anchor_isolation18
PASSED anchor_isolation18
=== compile_dfs
PASSED compile_dfs
=== compile_bfs
PASSED compile_bfs
=== dfs_B11
PASSED dfs_B11
=== bfs_B11
PASSED bfs_B11
=== dfs_B12
PASSED dfs_B12
=== bfs_B12
PASSED bfs_B12
=== dfs_B13
PASSED dfs_B13
=== bfs_B13
PASSED bfs_B13
=== dfs_B14
PASSED dfs_B14
=== bfs_B14
PASSED bfs_B14
=== dfs_B15
PASSED dfs_B15
=== bfs_B15
PASSED bfs_B15
=== dfs_B16
PASSED dfs_B16
=== bfs_B16
PASSED bfs_B16
=== dfs_B17
PASSED dfs_B17
=== bfs_B17
PASSED bfs_B17
=== verify_peeling18
PASSED verify_peeling18
=== verify_forest18
PASSED verify_forest18
=== verify_recursion_tests18
PASSED verify_recursion_tests18
=== test_fail_closed18
PASSED test_fail_closed18
R18 COMPLETE CERTIFICATE CHAIN VERIFIED
16219 + 1 = 16220 surviving orbits after exhaustive partial cuts; unresolved leaves = 0
All accepting input hashes unchanged during fresh replay.
