RUN compile_enumerate15

PASS compile_enumerate15
RUN compile_audit15

PASS compile_audit15
RUN compile_metric_audit15

PASS compile_metric_audit15
RUN audit_B10
RUN audit_B11
RUN audit_B12
RUN audit_B13
audited 0 / 572594
audited 500000 / 572594
INDEPENDENT CENSUS VERIFIED B=13 I=2 representatives=572594 mass=29745716 seconds=4.24253
PASS audit_B13
RUN audit_B14
audited 0 / 159519
INDEPENDENT CENSUS VERIFIED B=14 I=1 representatives=159519 mass=4457400 seconds=1.41384
PASS audit_B14
audited 0 / 1520440
audited 500000 / 1520440
audited 1000000 / 1520440
audited 1500000 / 1520440
INDEPENDENT CENSUS VERIFIED B=12 I=3 representatives=1520440 mass=218683920 seconds=11.6653
PASS audit_B12
audited 0 / 3327956
audited 500000 / 3327956
audited 1000000 / 3327956
audited 1500000 / 3327956
audited 2000000 / 3327956
audited 2500000 / 3327956
audited 3000000 / 3327956
INDEPENDENT CENSUS VERIFIED B=11 I=4 representatives=3327956 mass=1755921024 seconds=24.2198
PASS audit_B11
audited 0 / 6370375
audited 500000 / 6370375
audited 1000000 / 6370375
audited 1500000 / 6370375
audited 2000000 / 6370375
audited 2500000 / 6370375
audited 3000000 / 6370375
audited 3500000 / 6370375
audited 4000000 / 6370375
audited 4500000 / 6370375
audited 5000000 / 6370375
audited 5500000 / 6370375
audited 6000000 / 6370375
INDEPENDENT CENSUS VERIFIED B=10 I=5 representatives=6370375 mass=15274459200 seconds=43.3325
PASS audit_B10
RUN verify_root15
ROOT VERIFIED 148 ratio 4.907966460314384e-11 r 0.3181429308592628 sec 1.7057230472564697
PASS verify_root15
RUN verify_upper15
UPPER COVER VERIFIED 39 triangles, 13 equality faces; sec 0.022191524505615234
PASS verify_upper15
RUN anchor_isolation15
{
  "verified": true,
  "theorem": "Any realization of the 61-rod candidate graph with all rods <= r_star, unit anchors, fixed q0=(1,0), and ||Q-Q_star||_F <=13/100, is the candidate itself.",
  "gamma": 300,
  "lambda": "9/5000",
  "nu_upper": "1/80",
  "anchor_Frobenius_radius": "13/100",
  "per_anchor_angle_halfwidth": "1/25",
  "matrix_perturbation_bound": "28888000000001530000000000027/500000000000000000000000000000000000000",
  "matrix_buffer": "1/1000000000",
  "isolation_margin": "69/320000",
  "congruence_diagdom_margin_normalized": "1562499999988334348843792765760511377852855770221377520399105548043568652508187/1562500000000000000000000000000000000000000000000000000000000000000000000000000",
  "root_sha256": "36cbde7c21a005eb10ab60af5a975ca41e6b43af6f6c974943b4f0a03cac8a57",
  "certificate_sha256": "6c83000d850c2f6401bc731afbab21bedc67476783e498cf8613cd2fbbed0639",
  "seconds": 0.0688486099243164
}
PASS anchor_isolation15
RUN verify_partition15
EXACT METRIC PARTITION B=10 N=6370375 direct=6358043 farkas=0 residual=12332
PARTITION FAMILY LINKED B10_I5 {'direct': 6358043, 'farkas': 0, 'residual': 12332} seconds 6.280301332473755
EXACT METRIC PARTITION B=11 N=3327956 direct=3254878 farkas=56460 residual=16618
PARTITION FAMILY LINKED B11_I4 {'direct': 3254878, 'farkas': 56460, 'residual': 16618} seconds 9.590430498123169
EXACT METRIC PARTITION B=12 N=1520440 direct=1443842 farkas=66388 residual=10210
PARTITION FAMILY LINKED B12_I3 {'direct': 1443842, 'farkas': 66388, 'residual': 10210} seconds 11.423766851425171
EXACT METRIC PARTITION B=13 N=572594 direct=532098 farkas=37162 residual=3334
PARTITION FAMILY LINKED B13_I2 {'direct': 532098, 'farkas': 37162, 'residual': 3334} seconds 12.152630090713501
EXACT METRIC PARTITION B=14 N=159519 direct=140853 farkas=18146 residual=520
PARTITION FAMILY LINKED B14_I1 {'direct': 140853, 'farkas': 18146, 'residual': 520} seconds 12.540532350540161
PARTITION VERIFIED 11950884 residual 43014
PASS verify_partition15
RUN verify_forest15
CANDIDATE EXACTLY VERIFIED {'SPLIT': 491, 'DUAL': 459, 'LOCAL': 33} force margin 2.5076995479510433e-07 local margin 0.00012997006172824234
NONCANDIDATE REPLAY 1000 nodes 1000 seconds 2.011565923690796
NONCANDIDATE REPLAY 2000 nodes 2000 seconds 2.803913116455078
NONCANDIDATE REPLAY 3000 nodes 3000 seconds 3.6782844066619873
NONCANDIDATE REPLAY 4000 nodes 4000 seconds 4.6079418659210205
NONCANDIDATE REPLAY 5000 nodes 5000 seconds 5.700296878814697
NONCANDIDATE REPLAY 6000 nodes 6000 seconds 6.498904705047607
NONCANDIDATE REPLAY 7000 nodes 7000 seconds 7.324329137802124
NONCANDIDATE REPLAY 8000 nodes 8000 seconds 8.316359996795654
NONCANDIDATE REPLAY 9000 nodes 9000 seconds 9.141733646392822
NONCANDIDATE REPLAY 10000 nodes 10000 seconds 10.043056726455688
NONCANDIDATE REPLAY 11000 nodes 11000 seconds 10.82777214050293
NONCANDIDATE REPLAY 12000 nodes 12000 seconds 11.616969108581543
NONCANDIDATE REPLAY 13000 nodes 13000 seconds 12.520440101623535
NONCANDIDATE REPLAY 14000 nodes 14004 seconds 13.464855670928955
NONCANDIDATE REPLAY 15000 nodes 15004 seconds 14.458701372146606
NONCANDIDATE REPLAY 16000 nodes 16014 seconds 15.467039108276367
NONCANDIDATE REPLAY 17000 nodes 17042 seconds 16.44828724861145
NONCANDIDATE REPLAY 18000 nodes 18116 seconds 17.47152280807495
NONCANDIDATE REPLAY 19000 nodes 19134 seconds 18.45255136489868
NONCANDIDATE REPLAY 20000 nodes 20186 seconds 19.41484308242798
NONCANDIDATE REPLAY 21000 nodes 21274 seconds 20.35461163520813
NONCANDIDATE REPLAY 22000 nodes 22358 seconds 21.30951237678528
NONCANDIDATE REPLAY 23000 nodes 23508 seconds 22.285298347473145
NONCANDIDATE REPLAY 24000 nodes 24602 seconds 23.23232364654541
NONCANDIDATE REPLAY 25000 nodes 25664 seconds 24.171056032180786
NONCANDIDATE REPLAY 26000 nodes 26668 seconds 25.069887399673462
NONCANDIDATE REPLAY 27000 nodes 27898 seconds 26.100345849990845
NONCANDIDATE REPLAY 28000 nodes 28898 seconds 26.986165523529053
NONCANDIDATE REPLAY 29000 nodes 29932 seconds 27.93872833251953
NONCANDIDATE REPLAY 30000 nodes 31178 seconds 29.1476628780365
NONCANDIDATE REPLAY 31000 nodes 32548 seconds 30.459750652313232
NONCANDIDATE REPLAY 32000 nodes 34564 seconds 32.365936040878296
NONCANDIDATE REPLAY 33000 nodes 35834 seconds 33.630399227142334
NONCANDIDATE REPLAY 34000 nodes 37474 seconds 35.14178466796875
NONCANDIDATE REPLAY 35000 nodes 39732 seconds 37.09273982048035
NONCANDIDATE REPLAY 36000 nodes 41988 seconds 39.22662830352783
NONCANDIDATE REPLAY 37000 nodes 43544 seconds 41.102895975112915
NONCANDIDATE REPLAY 38000 nodes 45826 seconds 43.18571662902832
NONCANDIDATE REPLAY 39000 nodes 47448 seconds 44.82298231124878
NONCANDIDATE REPLAY 40000 nodes 49728 seconds 47.370869636535645
NONCANDIDATE REPLAY 41000 nodes 52664 seconds 50.347631216049194
NONCANDIDATE REPLAY 42000 nodes 55772 seconds 53.234028816223145
NONCANDIDATE REPLAY 43000 nodes 58808 seconds 58.161803245544434
ALL ANGLE TREES EXACTLY VERIFIED 43013 cases 58905 nodes
PASS verify_forest15
RUN test_fail_closed15
REJECTION TESTS VERIFIED 17
PASS test_fail_closed15
R15 COMPLETE CERTIFICATE CHAIN VERIFIED
11907870 + 43013 + 1 = 11950884; unresolved leaves = 0
