processed 0 states 11 /~ 6428210 sec 2.6984e-05
processed 10000 states 34047 /~ 6428210 sec 0.342654
processed 20000 states 63902 /~ 6428210 sec 0.591693
processed 30000 states 92547 /~ 6428210 sec 0.98563
processed 40000 states 118420 /~ 6428210 sec 1.34023
processed 50000 states 145796 /~ 6428210 sec 1.6539
processed 60000 states 172952 /~ 6428210 sec 1.95912
processed 70000 states 197944 /~ 6428210 sec 2.29195
processed 80000 states 223735 /~ 6428210 sec 2.5873
processed 90000 states 249734 /~ 6428210 sec 2.89682
processed 100000 states 272924 /~ 6428210 sec 3.16665
processed 110000 states 295051 /~ 6428210 sec 3.4309
processed 120000 states 320970 /~ 6428210 sec 3.66451
processed 130000 states 346641 /~ 6428210 sec 4.02356
processed 140000 states 369868 /~ 6428210 sec 4.36884
processed 150000 states 394228 /~ 6428210 sec 4.67928
processed 160000 states 418569 /~ 6428210 sec 4.94206
processed 170000 states 440569 /~ 6428210 sec 5.22381
processed 180000 states 464439 /~ 6428210 sec 5.46558
processed 190000 states 486716 /~ 6428210 sec 5.72762
processed 200000 states 507655 /~ 6428210 sec 5.98015
processed 210000 states 528775 /~ 6428210 sec 6.27251
processed 220000 states 553157 /~ 6428210 sec 6.74641
processed 230000 states 577635 /~ 6428210 sec 7.06571
processed 240000 states 598035 /~ 6428210 sec 7.4643
processed 250000 states 620074 /~ 6428210 sec 7.84391
processed 260000 states 640494 /~ 6428210 sec 8.13577
processed 270000 states 660923 /~ 6428210 sec 8.48415
processed 280000 states 681418 /~ 6428210 sec 8.84632
processed 290000 states 700350 /~ 6428210 sec 9.13983
processed 300000 states 722976 /~ 6428210 sec 9.46368
processed 310000 states 743399 /~ 6428210 sec 9.74792
processed 320000 states 763446 /~ 6428210 sec 9.99997
processed 330000 states 785103 /~ 6428210 sec 10.2964
processed 340000 states 806567 /~ 6428210 sec 10.7284
processed 350000 states 826619 /~ 6428210 sec 11.0483
processed 360000 states 846530 /~ 6428210 sec 11.344
processed 370000 states 866102 /~ 6428210 sec 11.6881
processed 380000 states 886479 /~ 6428210 sec 11.9872
processed 390000 states 908189 /~ 6428210 sec 12.2692
processed 400000 states 926915 /~ 6428210 sec 12.5379
processed 410000 states 947361 /~ 6428210 sec 12.8336
processed 420000 states 966328 /~ 6428210 sec 13.127
processed 430000 states 985780 /~ 6428210 sec 13.3862
processed 440000 states 1004718 /~ 6428210 sec 13.7319
processed 450000 states 1024566 /~ 6428210 sec 14.1287
processed 460000 states 1043334 /~ 6428210 sec 14.4918
processed 470000 states 1062097 /~ 6428210 sec 14.7792
processed 480000 states 1080639 /~ 6428210 sec 15.1525
processed 490000 states 1099031 /~ 6428210 sec 15.5214
processed 500000 states 1118510 /~ 6428210 sec 15.8549
processed 510000 states 1136848 /~ 6428210 sec 16.1553
processed 520000 states 1156012 /~ 6428210 sec 16.5695
processed 530000 states 1175286 /~ 6428210 sec 16.9472
processed 540000 states 1198000 /~ 6428210 sec 17.2504
processed 550000 states 1217585 /~ 6428210 sec 17.6627
processed 560000 states 1238421 /~ 6428210 sec 18.0569
processed 570000 states 1256045 /~ 6428210 sec 18.4206
processed 580000 states 1272474 /~ 6428210 sec 18.8454
processed 590000 states 1288294 /~ 6428210 sec 19.1707
processed 600000 states 1306332 /~ 6428210 sec 19.573
processed 610000 states 1325823 /~ 6428210 sec 19.836
processed 620000 states 1341207 /~ 6428210 sec 20.0878
processed 630000 states 1359175 /~ 6428210 sec 20.3707
processed 640000 states 1375378 /~ 6428210 sec 20.5777
processed 650000 states 1389837 /~ 6428210 sec 20.7812
processed 660000 states 1410495 /~ 6428210 sec 21.0069
processed 670000 states 1427502 /~ 6428210 sec 21.2288
processed 680000 states 1444937 /~ 6428210 sec 21.4453
processed 690000 states 1459189 /~ 6428210 sec 21.6693
processed 700000 states 1477436 /~ 6428210 sec 21.8714
processed 710000 states 1495258 /~ 6428210 sec 22.0907
processed 720000 states 1515508 /~ 6428210 sec 22.3451
processed 730000 states 1531748 /~ 6428210 sec 22.5824
processed 740000 states 1547376 /~ 6428210 sec 22.8714
processed 750000 states 1564019 /~ 6428210 sec 23.1552
processed 760000 states 1579471 /~ 6428210 sec 23.3554
processed 770000 states 1596004 /~ 6428210 sec 23.5861
processed 780000 states 1612054 /~ 6428210 sec 23.8038
processed 790000 states 1628846 /~ 6428210 sec 24.0896
processed 800000 states 1647594 /~ 6428210 sec 24.3559
processed 810000 states 1663436 /~ 6428210 sec 24.5744
processed 820000 states 1678821 /~ 6428210 sec 24.8815
processed 830000 states 1694852 /~ 6428210 sec 25.2756
processed 840000 states 1709976 /~ 6428210 sec 25.5686
processed 850000 states 1726627 /~ 6428210 sec 25.9346
processed 860000 states 1743153 /~ 6428210 sec 26.2966
processed 870000 states 1760607 /~ 6428210 sec 26.6569
processed 880000 states 1779158 /~ 6428210 sec 27.0518
processed 890000 states 1794760 /~ 6428210 sec 27.3757
processed 900000 states 1812494 /~ 6428210 sec 27.7348
processed 910000 states 1827154 /~ 6428210 sec 28.0535
processed 920000 states 1842352 /~ 6428210 sec 28.3938
processed 930000 states 1857555 /~ 6428210 sec 28.6624
processed 940000 states 1872248 /~ 6428210 sec 28.98
processed 950000 states 1890075 /~ 6428210 sec 29.3407
processed 960000 states 1902137 /~ 6428210 sec 29.626
processed 970000 states 1917120 /~ 6428210 sec 29.9944
processed 980000 states 1932539 /~ 6428210 sec 30.3852
processed 990000 states 1950118 /~ 6428210 sec 30.7307
processed 1000000 states 1968768 /~ 6428210 sec 31.0235
processed 1010000 states 1982668 /~ 6428210 sec 31.2438
processed 1020000 states 1996826 /~ 6428210 sec 31.4586
processed 1030000 states 2012533 /~ 6428210 sec 31.6878
processed 1040000 states 2025720 /~ 6428210 sec 31.9087
processed 1050000 states 2042234 /~ 6428210 sec 32.1381
processed 1060000 states 2057544 /~ 6428210 sec 32.3697
processed 1070000 states 2074328 /~ 6428210 sec 32.6027
processed 1080000 states 2089037 /~ 6428210 sec 32.8288
processed 1090000 states 2103522 /~ 6428210 sec 33.0512
processed 1100000 states 2118514 /~ 6428210 sec 33.2747
processed 1110000 states 2135766 /~ 6428210 sec 33.5236
processed 1120000 states 2153607 /~ 6428210 sec 33.7538
processed 1130000 states 2168888 /~ 6428210 sec 34.0006
processed 1140000 states 2186371 /~ 6428210 sec 34.2718
processed 1150000 states 2202761 /~ 6428210 sec 34.6332
processed 1160000 states 2222308 /~ 6428210 sec 35.0456
processed 1170000 states 2240206 /~ 6428210 sec 35.34
processed 1180000 states 2254660 /~ 6428210 sec 35.6705
processed 1190000 states 2273514 /~ 6428210 sec 35.998
processed 1200000 states 2291142 /~ 6428210 sec 36.3668
processed 1210000 states 2305288 /~ 6428210 sec 36.6819
processed 1220000 states 2317327 /~ 6428210 sec 36.97
processed 1230000 states 2334975 /~ 6428210 sec 37.2298
processed 1240000 states 2349964 /~ 6428210 sec 37.4793
processed 1250000 states 2361979 /~ 6428210 sec 37.7193
processed 1260000 states 2376190 /~ 6428210 sec 38.0167
processed 1270000 states 2386872 /~ 6428210 sec 38.2856
processed 1280000 states 2398219 /~ 6428210 sec 38.5498
processed 1290000 states 2407564 /~ 6428210 sec 38.7748
processed 1300000 states 2422159 /~ 6428210 sec 39.0234
processed 1310000 states 2438697 /~ 6428210 sec 39.2499
processed 1320000 states 2453306 /~ 6428210 sec 39.4719
processed 1330000 states 2468580 /~ 6428210 sec 39.6939
processed 1340000 states 2480736 /~ 6428210 sec 39.9112
processed 1350000 states 2493940 /~ 6428210 sec 40.1903
processed 1360000 states 2509515 /~ 6428210 sec 40.4399
processed 1370000 states 2523681 /~ 6428210 sec 40.6882
processed 1380000 states 2536554 /~ 6428210 sec 40.9095
processed 1390000 states 2546837 /~ 6428210 sec 41.1332
processed 1400000 states 2564445 /~ 6428210 sec 41.3992
processed 1410000 states 2580375 /~ 6428210 sec 41.6811
processed 1420000 states 2590951 /~ 6428210 sec 41.9581
processed 1430000 states 2607904 /~ 6428210 sec 42.1986
processed 1440000 states 2622711 /~ 6428210 sec 42.4369
processed 1450000 states 2636164 /~ 6428210 sec 42.6785
processed 1460000 states 2645800 /~ 6428210 sec 42.9405
processed 1470000 states 2661921 /~ 6428210 sec 43.1911
processed 1480000 states 2677896 /~ 6428210 sec 43.3965
processed 1490000 states 2692637 /~ 6428210 sec 43.5941
processed 1500000 states 2708848 /~ 6428210 sec 43.8599
processed 1510000 states 2723026 /~ 6428210 sec 44.2942
processed 1520000 states 2735803 /~ 6428210 sec 44.6601
processed 1530000 states 2747507 /~ 6428210 sec 45.0686
processed 1540000 states 2759316 /~ 6428210 sec 45.4005
processed 1550000 states 2772328 /~ 6428210 sec 45.7754
processed 1560000 states 2786180 /~ 6428210 sec 46.1465
processed 1570000 states 2798682 /~ 6428210 sec 46.4388
processed 1580000 states 2810169 /~ 6428210 sec 46.7434
processed 1590000 states 2822643 /~ 6428210 sec 47.0553
processed 1600000 states 2832367 /~ 6428210 sec 47.299
processed 1610000 states 2845566 /~ 6428210 sec 47.5412
processed 1620000 states 2857171 /~ 6428210 sec 47.7734
processed 1630000 states 2871383 /~ 6428210 sec 48.0112
processed 1640000 states 2887322 /~ 6428210 sec 48.2489
processed 1650000 states 2898391 /~ 6428210 sec 48.4821
processed 1660000 states 2909030 /~ 6428210 sec 48.7291
processed 1670000 states 2920459 /~ 6428210 sec 48.9868
processed 1680000 states 2931318 /~ 6428210 sec 49.2204
processed 1690000 states 2943757 /~ 6428210 sec 49.5033
processed 1700000 states 2959074 /~ 6428210 sec 49.7751
processed 1710000 states 2969188 /~ 6428210 sec 50.022
processed 1720000 states 2981792 /~ 6428210 sec 50.3214
processed 1730000 states 2998055 /~ 6428210 sec 50.5988
processed 1740000 states 3009794 /~ 6428210 sec 50.8478
processed 1750000 states 3026402 /~ 6428210 sec 51.1207
processed 1760000 states 3040843 /~ 6428210 sec 51.3701
processed 1770000 states 3057939 /~ 6428210 sec 51.6132
processed 1780000 states 3071373 /~ 6428210 sec 51.8541
processed 1790000 states 3082895 /~ 6428210 sec 52.0858
processed 1800000 states 3094325 /~ 6428210 sec 52.299
processed 1810000 states 3107236 /~ 6428210 sec 52.5433
processed 1820000 states 3116812 /~ 6428210 sec 52.7764
processed 1830000 states 3129239 /~ 6428210 sec 52.9985
processed 1840000 states 3141511 /~ 6428210 sec 53.2576
processed 1850000 states 3153891 /~ 6428210 sec 53.5124
processed 1860000 states 3165372 /~ 6428210 sec 53.7883
processed 1870000 states 3174294 /~ 6428210 sec 54.0345
processed 1880000 states 3188515 /~ 6428210 sec 54.3123
processed 1890000 states 3201726 /~ 6428210 sec 54.5631
processed 1900000 states 3209798 /~ 6428210 sec 54.8556
processed 1910000 states 3219090 /~ 6428210 sec 55.1993
processed 1920000 states 3233075 /~ 6428210 sec 55.5014
processed 1930000 states 3244895 /~ 6428210 sec 55.8597
processed 1940000 states 3259919 /~ 6428210 sec 56.1308
processed 1950000 states 3274446 /~ 6428210 sec 56.4764
processed 1960000 states 3290510 /~ 6428210 sec 56.8298
processed 1970000 states 3304533 /~ 6428210 sec 57.0825
processed 1980000 states 3313449 /~ 6428210 sec 57.3699
processed 1990000 states 3322821 /~ 6428210 sec 57.6699
processed 2000000 states 3332653 /~ 6428210 sec 57.9279
processed 2010000 states 3346348 /~ 6428210 sec 58.1881
processed 2020000 states 3357071 /~ 6428210 sec 58.4472
processed 2030000 states 3368485 /~ 6428210 sec 58.6855
processed 2040000 states 3381755 /~ 6428210 sec 58.9467
processed 2050000 states 3392305 /~ 6428210 sec 59.1799
processed 2060000 states 3406687 /~ 6428210 sec 59.4654
processed 2070000 states 3422582 /~ 6428210 sec 59.7416
processed 2080000 states 3438104 /~ 6428210 sec 59.9823
processed 2090000 states 3448128 /~ 6428210 sec 60.2622
processed 2100000 states 3458195 /~ 6428210 sec 60.479
processed 2110000 states 3472624 /~ 6428210 sec 60.7808
processed 2120000 states 3483430 /~ 6428210 sec 61.0936
processed 2130000 states 3497154 /~ 6428210 sec 61.4165
processed 2140000 states 3513697 /~ 6428210 sec 61.7388
processed 2150000 states 3529374 /~ 6428210 sec 62.0757
processed 2160000 states 3539892 /~ 6428210 sec 62.4141
processed 2170000 states 3553938 /~ 6428210 sec 62.7111
processed 2180000 states 3568779 /~ 6428210 sec 63.0638
processed 2190000 states 3584877 /~ 6428210 sec 63.3794
processed 2200000 states 3597358 /~ 6428210 sec 63.6119
processed 2210000 states 3613582 /~ 6428210 sec 63.8579
processed 2220000 states 3629791 /~ 6428210 sec 64.127
processed 2230000 states 3643825 /~ 6428210 sec 64.4354
processed 2240000 states 3658445 /~ 6428210 sec 64.7417
processed 2250000 states 3669074 /~ 6428210 sec 65.0648
processed 2260000 states 3681416 /~ 6428210 sec 65.3786
processed 2270000 states 3693901 /~ 6428210 sec 65.6787
processed 2280000 states 3703689 /~ 6428210 sec 65.98
processed 2290000 states 3717106 /~ 6428210 sec 66.3425
processed 2300000 states 3727966 /~ 6428210 sec 66.7318
processed 2310000 states 3736934 /~ 6428210 sec 66.9974
processed 2320000 states 3743440 /~ 6428210 sec 67.3162
processed 2330000 states 3757309 /~ 6428210 sec 67.593
processed 2340000 states 3768279 /~ 6428210 sec 67.8621
processed 2350000 states 3778002 /~ 6428210 sec 68.2323
processed 2360000 states 3787366 /~ 6428210 sec 68.5713
processed 2370000 states 3797425 /~ 6428210 sec 68.8381
processed 2380000 states 3805772 /~ 6428210 sec 69.1222
processed 2390000 states 3813655 /~ 6428210 sec 69.4958
processed 2400000 states 3819974 /~ 6428210 sec 69.7691
processed 2410000 states 3825248 /~ 6428210 sec 70.034
processed 2420000 states 3839291 /~ 6428210 sec 70.3309
processed 2430000 states 3851649 /~ 6428210 sec 70.6227
processed 2440000 states 3863131 /~ 6428210 sec 70.9411
processed 2450000 states 3872029 /~ 6428210 sec 71.1693
processed 2460000 states 3884990 /~ 6428210 sec 71.4146
processed 2470000 states 3894591 /~ 6428210 sec 71.6904
processed 2480000 states 3904246 /~ 6428210 sec 71.9347
processed 2490000 states 3913843 /~ 6428210 sec 72.2093
processed 2500000 states 3926385 /~ 6428210 sec 72.5046
processed 2510000 states 3937678 /~ 6428210 sec 72.7686
processed 2520000 states 3948520 /~ 6428210 sec 72.9981
processed 2530000 states 3959993 /~ 6428210 sec 73.2523
processed 2540000 states 3968828 /~ 6428210 sec 73.4885
processed 2550000 states 3978426 /~ 6428210 sec 73.733
processed 2560000 states 3990813 /~ 6428210 sec 74.0234
processed 2570000 states 4001172 /~ 6428210 sec 74.2987
processed 2580000 states 4013549 /~ 6428210 sec 74.5539
processed 2590000 states 4021159 /~ 6428210 sec 74.7985
processed 2600000 states 4033592 /~ 6428210 sec 75.0577
processed 2610000 states 4045224 /~ 6428210 sec 75.2955
processed 2620000 states 4057571 /~ 6428210 sec 75.5354
processed 2630000 states 4068207 /~ 6428210 sec 75.7759
processed 2640000 states 4077100 /~ 6428210 sec 76.0747
processed 2650000 states 4085825 /~ 6428210 sec 76.3001
processed 2660000 states 4099980 /~ 6428210 sec 76.5409
processed 2670000 states 4112030 /~ 6428210 sec 76.7611
processed 2680000 states 4122865 /~ 6428210 sec 76.9857
processed 2690000 states 4135188 /~ 6428210 sec 77.1955
processed 2700000 states 4147863 /~ 6428210 sec 77.3985
processed 2710000 states 4158210 /~ 6428210 sec 77.633
processed 2720000 states 4167081 /~ 6428210 sec 77.8951
processed 2730000 states 4176505 /~ 6428210 sec 78.3494
processed 2740000 states 4183013 /~ 6428210 sec 78.6104
processed 2750000 states 4191988 /~ 6428210 sec 78.8605
processed 2760000 states 4200975 /~ 6428210 sec 79.1151
processed 2770000 states 4209997 /~ 6428210 sec 79.3633
processed 2780000 states 4219267 /~ 6428210 sec 79.6004
processed 2790000 states 4229721 /~ 6428210 sec 79.8286
processed 2800000 states 4239262 /~ 6428210 sec 80.0406
processed 2810000 states 4247311 /~ 6428210 sec 80.2504
processed 2820000 states 4254974 /~ 6428210 sec 80.4863
processed 2830000 states 4261148 /~ 6428210 sec 80.7214
processed 2840000 states 4269848 /~ 6428210 sec 80.965
processed 2850000 states 4277105 /~ 6428210 sec 81.2081
processed 2860000 states 4287515 /~ 6428210 sec 81.517
processed 2870000 states 4296834 /~ 6428210 sec 81.7963
processed 2880000 states 4308194 /~ 6428210 sec 82.0531
processed 2890000 states 4318231 /~ 6428210 sec 82.2969
processed 2900000 states 4324769 /~ 6428210 sec 82.5275
processed 2910000 states 4330918 /~ 6428210 sec 82.7808
processed 2920000 states 4338932 /~ 6428210 sec 83.012
processed 2930000 states 4346941 /~ 6428210 sec 83.2498
processed 2940000 states 4355846 /~ 6428210 sec 83.4925
processed 2950000 states 4368496 /~ 6428210 sec 83.741
processed 2960000 states 4378739 /~ 6428210 sec 83.9936
processed 2970000 states 4385957 /~ 6428210 sec 84.2363
processed 2980000 states 4395816 /~ 6428210 sec 84.5246
processed 2990000 states 4407354 /~ 6428210 sec 84.7893
processed 3000000 states 4418446 /~ 6428210 sec 85.0511
processed 3010000 states 4427478 /~ 6428210 sec 85.2896
processed 3020000 states 4439718 /~ 6428210 sec 85.5382
processed 3030000 states 4451044 /~ 6428210 sec 85.7893
processed 3040000 states 4462880 /~ 6428210 sec 86.0264
processed 3050000 states 4476168 /~ 6428210 sec 86.3074
processed 3060000 states 4487885 /~ 6428210 sec 86.6376
processed 3070000 states 4498256 /~ 6428210 sec 86.902
processed 3080000 states 4505546 /~ 6428210 sec 87.2253
processed 3090000 states 4512035 /~ 6428210 sec 87.5195
processed 3100000 states 4519969 /~ 6428210 sec 87.7748
processed 3110000 states 4527029 /~ 6428210 sec 88.0418
processed 3120000 states 4534265 /~ 6428210 sec 88.2965
processed 3130000 states 4543319 /~ 6428210 sec 88.5587
processed 3140000 states 4551995 /~ 6428210 sec 88.7945
processed 3150000 states 4562226 /~ 6428210 sec 89.0964
processed 3160000 states 4571348 /~ 6428210 sec 89.4193
processed 3170000 states 4577751 /~ 6428210 sec 89.6868
processed 3180000 states 4585613 /~ 6428210 sec 89.9383
processed 3190000 states 4597711 /~ 6428210 sec 90.2033
processed 3200000 states 4606692 /~ 6428210 sec 90.5051
processed 3210000 states 4612833 /~ 6428210 sec 90.7431
processed 3220000 states 4619221 /~ 6428210 sec 90.9911
processed 3230000 states 4628989 /~ 6428210 sec 91.2483
processed 3240000 states 4638943 /~ 6428210 sec 91.51
processed 3250000 states 4647243 /~ 6428210 sec 91.747
processed 3260000 states 4659372 /~ 6428210 sec 91.9976
processed 3270000 states 4669831 /~ 6428210 sec 92.2481
processed 3280000 states 4682774 /~ 6428210 sec 92.5161
processed 3290000 states 4694129 /~ 6428210 sec 92.8296
processed 3300000 states 4705639 /~ 6428210 sec 93.0975
processed 3310000 states 4712869 /~ 6428210 sec 93.3678
processed 3320000 states 4718917 /~ 6428210 sec 93.621
processed 3330000 states 4725538 /~ 6428210 sec 93.8852
processed 3340000 states 4733593 /~ 6428210 sec 94.1431
processed 3350000 states 4745047 /~ 6428210 sec 94.4202
processed 3360000 states 4752136 /~ 6428210 sec 94.7181
processed 3370000 states 4759791 /~ 6428210 sec 95.0043
processed 3380000 states 4769767 /~ 6428210 sec 95.2646
processed 3390000 states 4778440 /~ 6428210 sec 95.509
processed 3400000 states 4787719 /~ 6428210 sec 95.7801
processed 3410000 states 4797739 /~ 6428210 sec 96.0378
processed 3420000 states 4810055 /~ 6428210 sec 96.2889
processed 3430000 states 4821203 /~ 6428210 sec 96.5419
processed 3440000 states 4832778 /~ 6428210 sec 96.8199
processed 3450000 states 4839890 /~ 6428210 sec 97.0804
processed 3460000 states 4847183 /~ 6428210 sec 97.3151
processed 3470000 states 4857121 /~ 6428210 sec 97.5621
processed 3480000 states 4866055 /~ 6428210 sec 97.8824
processed 3490000 states 4875098 /~ 6428210 sec 98.1453
processed 3500000 states 4884878 /~ 6428210 sec 98.3889
processed 3510000 states 4896784 /~ 6428210 sec 98.7342
processed 3520000 states 4907052 /~ 6428210 sec 99.0296
processed 3530000 states 4918430 /~ 6428210 sec 99.3
processed 3540000 states 4926312 /~ 6428210 sec 99.5357
processed 3550000 states 4935767 /~ 6428210 sec 99.7788
processed 3560000 states 4945336 /~ 6428210 sec 100.023
processed 3570000 states 4955325 /~ 6428210 sec 100.284
processed 3580000 states 4965348 /~ 6428210 sec 100.535
processed 3590000 states 4975222 /~ 6428210 sec 100.787
processed 3600000 states 4984198 /~ 6428210 sec 101.051
processed 3610000 states 4994418 /~ 6428210 sec 101.299
processed 3620000 states 5005144 /~ 6428210 sec 101.541
processed 3630000 states 5014402 /~ 6428210 sec 101.784
processed 3640000 states 5023473 /~ 6428210 sec 102.019
processed 3650000 states 5034417 /~ 6428210 sec 102.277
processed 3660000 states 5043713 /~ 6428210 sec 102.517
processed 3670000 states 5052078 /~ 6428210 sec 102.744
processed 3680000 states 5058654 /~ 6428210 sec 103.066
processed 3690000 states 5065818 /~ 6428210 sec 103.342
processed 3700000 states 5072428 /~ 6428210 sec 103.646
processed 3710000 states 5079978 /~ 6428210 sec 103.993
processed 3720000 states 5087397 /~ 6428210 sec 104.296
processed 3730000 states 5094130 /~ 6428210 sec 104.639
processed 3740000 states 5099002 /~ 6428210 sec 104.895
processed 3750000 states 5104138 /~ 6428210 sec 105.189
processed 3760000 states 5110847 /~ 6428210 sec 105.466
processed 3770000 states 5115873 /~ 6428210 sec 105.728
processed 3780000 states 5122223 /~ 6428210 sec 105.99
processed 3790000 states 5127349 /~ 6428210 sec 106.265
processed 3800000 states 5134905 /~ 6428210 sec 106.532
processed 3810000 states 5140698 /~ 6428210 sec 106.783
processed 3820000 states 5145417 /~ 6428210 sec 107.024
processed 3830000 states 5152239 /~ 6428210 sec 107.262
processed 3840000 states 5161567 /~ 6428210 sec 107.5
processed 3850000 states 5168973 /~ 6428210 sec 107.735
processed 3860000 states 5177163 /~ 6428210 sec 107.97
processed 3870000 states 5183606 /~ 6428210 sec 108.204
processed 3880000 states 5192296 /~ 6428210 sec 108.44
processed 3890000 states 5199622 /~ 6428210 sec 108.677
processed 3900000 states 5207061 /~ 6428210 sec 108.907
processed 3910000 states 5212931 /~ 6428210 sec 109.13
processed 3920000 states 5221650 /~ 6428210 sec 109.375
processed 3930000 states 5228981 /~ 6428210 sec 109.615
processed 3940000 states 5235453 /~ 6428210 sec 109.849
processed 3950000 states 5243220 /~ 6428210 sec 110.084
processed 3960000 states 5250798 /~ 6428210 sec 110.318
processed 3970000 states 5256944 /~ 6428210 sec 110.554
processed 3980000 states 5263579 /~ 6428210 sec 110.799
processed 3990000 states 5270952 /~ 6428210 sec 111.074
processed 4000000 states 5277492 /~ 6428210 sec 111.346
processed 4010000 states 5285763 /~ 6428210 sec 111.642
processed 4020000 states 5292532 /~ 6428210 sec 111.886
processed 4030000 states 5299473 /~ 6428210 sec 112.192
processed 4040000 states 5306722 /~ 6428210 sec 112.474
processed 4050000 states 5313434 /~ 6428210 sec 112.737
processed 4060000 states 5320674 /~ 6428210 sec 112.988
processed 4070000 states 5327869 /~ 6428210 sec 113.247
processed 4080000 states 5333555 /~ 6428210 sec 113.489
processed 4090000 states 5342435 /~ 6428210 sec 113.751
processed 4100000 states 5351444 /~ 6428210 sec 113.983
processed 4110000 states 5358846 /~ 6428210 sec 114.291
processed 4120000 states 5367370 /~ 6428210 sec 114.52
processed 4130000 states 5374676 /~ 6428210 sec 114.792
processed 4140000 states 5383234 /~ 6428210 sec 115.026
processed 4150000 states 5390763 /~ 6428210 sec 115.286
processed 4160000 states 5395981 /~ 6428210 sec 115.545
processed 4170000 states 5400721 /~ 6428210 sec 115.808
processed 4180000 states 5406037 /~ 6428210 sec 116.067
processed 4190000 states 5411648 /~ 6428210 sec 116.308
processed 4200000 states 5417196 /~ 6428210 sec 116.535
processed 4210000 states 5423289 /~ 6428210 sec 116.765
processed 4220000 states 5428524 /~ 6428210 sec 117
processed 4230000 states 5434983 /~ 6428210 sec 117.236
processed 4240000 states 5441045 /~ 6428210 sec 117.448
processed 4250000 states 5446277 /~ 6428210 sec 117.668
processed 4260000 states 5450861 /~ 6428210 sec 117.905
processed 4270000 states 5455549 /~ 6428210 sec 118.156
processed 4280000 states 5460468 /~ 6428210 sec 118.408
processed 4290000 states 5466468 /~ 6428210 sec 118.674
processed 4300000 states 5473818 /~ 6428210 sec 118.926
processed 4310000 states 5480979 /~ 6428210 sec 119.207
processed 4320000 states 5487230 /~ 6428210 sec 119.458
processed 4330000 states 5491156 /~ 6428210 sec 119.74
processed 4340000 states 5495913 /~ 6428210 sec 119.991
processed 4350000 states 5500816 /~ 6428210 sec 120.251
processed 4360000 states 5507351 /~ 6428210 sec 120.514
processed 4370000 states 5515844 /~ 6428210 sec 120.842
processed 4380000 states 5522312 /~ 6428210 sec 121.122
processed 4390000 states 5527595 /~ 6428210 sec 121.409
processed 4400000 states 5533841 /~ 6428210 sec 121.675
processed 4410000 states 5541281 /~ 6428210 sec 121.95
processed 4420000 states 5548203 /~ 6428210 sec 122.216
processed 4430000 states 5554293 /~ 6428210 sec 122.468
processed 4440000 states 5560945 /~ 6428210 sec 122.715
processed 4450000 states 5567843 /~ 6428210 sec 122.976
processed 4460000 states 5573708 /~ 6428210 sec 123.223
processed 4470000 states 5581324 /~ 6428210 sec 123.475
processed 4480000 states 5588955 /~ 6428210 sec 123.729
processed 4490000 states 5597347 /~ 6428210 sec 123.986
processed 4500000 states 5605389 /~ 6428210 sec 124.237
processed 4510000 states 5609306 /~ 6428210 sec 124.477
processed 4520000 states 5613255 /~ 6428210 sec 124.734
processed 4530000 states 5616985 /~ 6428210 sec 125.047
processed 4540000 states 5622920 /~ 6428210 sec 125.296
processed 4550000 states 5629022 /~ 6428210 sec 125.537
processed 4560000 states 5635520 /~ 6428210 sec 125.779
processed 4570000 states 5642165 /~ 6428210 sec 125.993
processed 4580000 states 5645986 /~ 6428210 sec 126.234
processed 4590000 states 5651665 /~ 6428210 sec 126.482
processed 4600000 states 5658889 /~ 6428210 sec 126.746
processed 4610000 states 5664815 /~ 6428210 sec 126.989
processed 4620000 states 5668095 /~ 6428210 sec 127.228
processed 4630000 states 5673344 /~ 6428210 sec 127.478
processed 4640000 states 5679665 /~ 6428210 sec 127.73
processed 4650000 states 5685014 /~ 6428210 sec 127.978
processed 4660000 states 5691484 /~ 6428210 sec 128.237
processed 4670000 states 5697758 /~ 6428210 sec 128.481
processed 4680000 states 5704851 /~ 6428210 sec 128.783
processed 4690000 states 5713010 /~ 6428210 sec 129.099
processed 4700000 states 5720702 /~ 6428210 sec 129.464
processed 4710000 states 5728056 /~ 6428210 sec 129.724
processed 4720000 states 5731596 /~ 6428210 sec 129.985
processed 4730000 states 5735319 /~ 6428210 sec 130.24
processed 4740000 states 5741745 /~ 6428210 sec 130.503
processed 4750000 states 5747751 /~ 6428210 sec 130.789
processed 4760000 states 5751377 /~ 6428210 sec 131.065
processed 4770000 states 5756742 /~ 6428210 sec 131.461
processed 4780000 states 5762261 /~ 6428210 sec 131.755
processed 4790000 states 5767068 /~ 6428210 sec 132.054
processed 4800000 states 5772185 /~ 6428210 sec 132.368
processed 4810000 states 5778707 /~ 6428210 sec 132.647
processed 4820000 states 5785410 /~ 6428210 sec 132.903
processed 4830000 states 5792868 /~ 6428210 sec 133.273
processed 4840000 states 5798533 /~ 6428210 sec 133.565
processed 4850000 states 5802452 /~ 6428210 sec 133.868
processed 4860000 states 5808506 /~ 6428210 sec 134.181
processed 4870000 states 5813288 /~ 6428210 sec 134.482
processed 4880000 states 5818875 /~ 6428210 sec 134.745
processed 4890000 states 5823595 /~ 6428210 sec 134.994
processed 4900000 states 5829580 /~ 6428210 sec 135.252
processed 4910000 states 5836012 /~ 6428210 sec 135.51
processed 4920000 states 5842722 /~ 6428210 sec 135.771
processed 4930000 states 5847359 /~ 6428210 sec 136.014
processed 4940000 states 5852694 /~ 6428210 sec 136.265
processed 4950000 states 5857436 /~ 6428210 sec 136.535
processed 4960000 states 5861973 /~ 6428210 sec 136.79
processed 4970000 states 5868202 /~ 6428210 sec 137.062
processed 4980000 states 5874041 /~ 6428210 sec 137.302
processed 4990000 states 5878695 /~ 6428210 sec 137.562
processed 5000000 states 5883635 /~ 6428210 sec 137.817
processed 5010000 states 5891028 /~ 6428210 sec 138.134
processed 5020000 states 5897459 /~ 6428210 sec 138.4
processed 5030000 states 5904401 /~ 6428210 sec 138.701
processed 5040000 states 5912278 /~ 6428210 sec 138.986
processed 5050000 states 5919322 /~ 6428210 sec 139.254
processed 5060000 states 5922641 /~ 6428210 sec 139.529
processed 5070000 states 5925940 /~ 6428210 sec 139.814
processed 5080000 states 5928721 /~ 6428210 sec 140.102
processed 5090000 states 5932123 /~ 6428210 sec 140.4
processed 5100000 states 5934987 /~ 6428210 sec 140.67
processed 5110000 states 5937310 /~ 6428210 sec 140.967
processed 5120000 states 5939544 /~ 6428210 sec 141.247
processed 5130000 states 5941994 /~ 6428210 sec 141.52
processed 5140000 states 5944989 /~ 6428210 sec 141.796
processed 5150000 states 5949234 /~ 6428210 sec 142.104
processed 5160000 states 5955135 /~ 6428210 sec 142.479
processed 5170000 states 5959910 /~ 6428210 sec 142.798
processed 5180000 states 5964163 /~ 6428210 sec 143.157
processed 5190000 states 5968888 /~ 6428210 sec 143.622
processed 5200000 states 5973106 /~ 6428210 sec 143.951
processed 5210000 states 5977431 /~ 6428210 sec 144.374
processed 5220000 states 5981753 /~ 6428210 sec 144.802
processed 5230000 states 5985063 /~ 6428210 sec 145.197
processed 5240000 states 5988283 /~ 6428210 sec 145.595
processed 5250000 states 5991502 /~ 6428210 sec 145.947
processed 5260000 states 5994418 /~ 6428210 sec 146.428
processed 5270000 states 5998326 /~ 6428210 sec 146.935
processed 5280000 states 6002346 /~ 6428210 sec 147.378
processed 5290000 states 6006802 /~ 6428210 sec 147.949
processed 5300000 states 6010552 /~ 6428210 sec 148.479
processed 5310000 states 6013870 /~ 6428210 sec 148.929
processed 5320000 states 6017130 /~ 6428210 sec 149.375
processed 5330000 states 6020458 /~ 6428210 sec 149.787
processed 5340000 states 6025235 /~ 6428210 sec 150.176
processed 5350000 states 6030711 /~ 6428210 sec 150.633
processed 5360000 states 6035675 /~ 6428210 sec 151.06
processed 5370000 states 6040516 /~ 6428210 sec 151.447
processed 5380000 states 6045097 /~ 6428210 sec 151.858
processed 5390000 states 6048662 /~ 6428210 sec 152.251
processed 5400000 states 6051024 /~ 6428210 sec 152.638
processed 5410000 states 6053756 /~ 6428210 sec 153.092
processed 5420000 states 6056750 /~ 6428210 sec 153.538
processed 5430000 states 6059610 /~ 6428210 sec 153.882
processed 5440000 states 6062962 /~ 6428210 sec 154.328
processed 5450000 states 6065711 /~ 6428210 sec 154.599
processed 5460000 states 6067652 /~ 6428210 sec 154.946
processed 5470000 states 6070770 /~ 6428210 sec 155.273
processed 5480000 states 6074949 /~ 6428210 sec 155.635
processed 5490000 states 6078299 /~ 6428210 sec 155.93
processed 5500000 states 6080159 /~ 6428210 sec 156.278
processed 5510000 states 6082888 /~ 6428210 sec 156.694
processed 5520000 states 6087523 /~ 6428210 sec 157.137
processed 5530000 states 6089911 /~ 6428210 sec 157.58
processed 5540000 states 6092710 /~ 6428210 sec 157.956
processed 5550000 states 6096382 /~ 6428210 sec 158.295
processed 5560000 states 6099694 /~ 6428210 sec 158.669
processed 5570000 states 6103639 /~ 6428210 sec 158.998
processed 5580000 states 6107709 /~ 6428210 sec 159.386
processed 5590000 states 6112643 /~ 6428210 sec 159.83
processed 5600000 states 6118568 /~ 6428210 sec 160.223
processed 5610000 states 6122513 /~ 6428210 sec 160.636
processed 5620000 states 6124244 /~ 6428210 sec 161.036
processed 5630000 states 6126916 /~ 6428210 sec 161.338
processed 5640000 states 6130745 /~ 6428210 sec 161.599
processed 5650000 states 6132580 /~ 6428210 sec 161.907
processed 5660000 states 6135727 /~ 6428210 sec 162.187
processed 5670000 states 6138109 /~ 6428210 sec 162.439
processed 5680000 states 6140893 /~ 6428210 sec 162.703
processed 5690000 states 6143669 /~ 6428210 sec 163.013
processed 5700000 states 6146815 /~ 6428210 sec 163.319
processed 5710000 states 6151327 /~ 6428210 sec 163.646
processed 5720000 states 6156621 /~ 6428210 sec 163.936
processed 5730000 states 6161344 /~ 6428210 sec 164.2
processed 5740000 states 6162948 /~ 6428210 sec 164.518
processed 5750000 states 6165685 /~ 6428210 sec 164.807
processed 5760000 states 6167891 /~ 6428210 sec 165.087
processed 5770000 states 6170284 /~ 6428210 sec 165.394
processed 5780000 states 6173532 /~ 6428210 sec 165.636
processed 5790000 states 6177772 /~ 6428210 sec 165.903
processed 5800000 states 6181685 /~ 6428210 sec 166.148
processed 5810000 states 6183961 /~ 6428210 sec 166.46
processed 5820000 states 6186252 /~ 6428210 sec 166.729
processed 5830000 states 6189090 /~ 6428210 sec 167.021
processed 5840000 states 6193269 /~ 6428210 sec 167.277
processed 5850000 states 6196003 /~ 6428210 sec 167.574
processed 5860000 states 6198952 /~ 6428210 sec 167.828
processed 5870000 states 6203005 /~ 6428210 sec 168.069
processed 5880000 states 6206233 /~ 6428210 sec 168.355
processed 5890000 states 6211008 /~ 6428210 sec 168.644
processed 5900000 states 6215721 /~ 6428210 sec 168.877
processed 5910000 states 6221877 /~ 6428210 sec 169.128
processed 5920000 states 6226744 /~ 6428210 sec 169.369
processed 5930000 states 6227897 /~ 6428210 sec 169.687
processed 5940000 states 6228521 /~ 6428210 sec 169.983
processed 5950000 states 6230627 /~ 6428210 sec 170.321
processed 5960000 states 6233566 /~ 6428210 sec 170.674
processed 5970000 states 6235923 /~ 6428210 sec 170.998
processed 5980000 states 6238155 /~ 6428210 sec 171.342
processed 5990000 states 6239334 /~ 6428210 sec 171.655
processed 6000000 states 6241069 /~ 6428210 sec 171.965
processed 6010000 states 6243086 /~ 6428210 sec 172.259
processed 6020000 states 6244544 /~ 6428210 sec 172.537
processed 6030000 states 6247538 /~ 6428210 sec 172.768
processed 6040000 states 6249849 /~ 6428210 sec 173.052
processed 6050000 states 6251368 /~ 6428210 sec 173.252
processed 6060000 states 6252446 /~ 6428210 sec 173.49
processed 6070000 states 6253577 /~ 6428210 sec 173.749
processed 6080000 states 6254969 /~ 6428210 sec 174.031
processed 6090000 states 6256501 /~ 6428210 sec 174.29
processed 6100000 states 6258167 /~ 6428210 sec 174.569
processed 6110000 states 6260825 /~ 6428210 sec 174.865
processed 6120000 states 6264083 /~ 6428210 sec 175.119
processed 6130000 states 6265501 /~ 6428210 sec 175.355
processed 6140000 states 6266606 /~ 6428210 sec 175.578
processed 6150000 states 6268528 /~ 6428210 sec 175.8
processed 6160000 states 6271410 /~ 6428210 sec 176.034
processed 6170000 states 6272690 /~ 6428210 sec 176.353
processed 6180000 states 6274854 /~ 6428210 sec 176.636
processed 6190000 states 6276526 /~ 6428210 sec 176.922
processed 6200000 states 6278848 /~ 6428210 sec 177.206
processed 6210000 states 6281807 /~ 6428210 sec 177.439
processed 6220000 states 6285257 /~ 6428210 sec 177.696
processed 6230000 states 6287718 /~ 6428210 sec 177.973
processed 6240000 states 6288729 /~ 6428210 sec 178.231
processed 6250000 states 6289739 /~ 6428210 sec 178.482
processed 6260000 states 6290387 /~ 6428210 sec 178.788
processed 6270000 states 6291562 /~ 6428210 sec 179.138
processed 6280000 states 6292896 /~ 6428210 sec 179.452
processed 6290000 states 6294371 /~ 6428210 sec 179.796
COMPLETE 13 3 orbits 6294651 mass 981608628 seconds 219.778
