processed 0 states 12 /~ 2283274 sec 3.9248e-05
processed 10000 states 32083 /~ 2283274 sec 0.396171
processed 20000 states 60233 /~ 2283274 sec 0.691333
processed 30000 states 86187 /~ 2283274 sec 0.948178
processed 40000 states 112053 /~ 2283274 sec 1.28703
processed 50000 states 137367 /~ 2283274 sec 1.62261
processed 60000 states 161628 /~ 2283274 sec 1.88658
processed 70000 states 184559 /~ 2283274 sec 2.20799
processed 80000 states 208403 /~ 2283274 sec 2.52471
processed 90000 states 229706 /~ 2283274 sec 2.74288
processed 100000 states 252402 /~ 2283274 sec 2.97794
processed 110000 states 275120 /~ 2283274 sec 3.2401
processed 120000 states 297299 /~ 2283274 sec 3.48121
processed 130000 states 318667 /~ 2283274 sec 3.73138
processed 140000 states 340921 /~ 2283274 sec 3.94431
processed 150000 states 361774 /~ 2283274 sec 4.21223
processed 160000 states 381848 /~ 2283274 sec 4.4262
processed 170000 states 401705 /~ 2283274 sec 4.63943
processed 180000 states 420779 /~ 2283274 sec 4.87831
processed 190000 states 441768 /~ 2283274 sec 5.11096
processed 200000 states 461418 /~ 2283274 sec 5.37894
processed 210000 states 477734 /~ 2283274 sec 5.68304
processed 220000 states 493795 /~ 2283274 sec 5.97104
processed 230000 states 513819 /~ 2283274 sec 6.21225
processed 240000 states 532472 /~ 2283274 sec 6.43605
processed 250000 states 552427 /~ 2283274 sec 6.69604
processed 260000 states 569243 /~ 2283274 sec 7.01883
processed 270000 states 586914 /~ 2283274 sec 7.3077
processed 280000 states 604418 /~ 2283274 sec 7.61452
processed 290000 states 621457 /~ 2283274 sec 7.89109
processed 300000 states 638060 /~ 2283274 sec 8.13639
processed 310000 states 655174 /~ 2283274 sec 8.50695
processed 320000 states 672087 /~ 2283274 sec 8.80048
processed 330000 states 688128 /~ 2283274 sec 9.0233
processed 340000 states 704559 /~ 2283274 sec 9.32779
processed 350000 states 720414 /~ 2283274 sec 9.61862
processed 360000 states 736615 /~ 2283274 sec 9.93477
processed 370000 states 752153 /~ 2283274 sec 10.2009
processed 380000 states 767743 /~ 2283274 sec 10.5228
processed 390000 states 782699 /~ 2283274 sec 10.873
processed 400000 states 797935 /~ 2283274 sec 11.1797
processed 410000 states 813474 /~ 2283274 sec 11.428
processed 420000 states 829909 /~ 2283274 sec 11.7357
processed 430000 states 846176 /~ 2283274 sec 12.0473
processed 440000 states 859907 /~ 2283274 sec 12.3241
processed 450000 states 872218 /~ 2283274 sec 12.595
processed 460000 states 887174 /~ 2283274 sec 12.925
processed 470000 states 899672 /~ 2283274 sec 13.2159
processed 480000 states 910524 /~ 2283274 sec 13.5326
processed 490000 states 919553 /~ 2283274 sec 13.78
processed 500000 states 937388 /~ 2283274 sec 14.0833
processed 510000 states 953563 /~ 2283274 sec 14.3426
processed 520000 states 967646 /~ 2283274 sec 14.6881
processed 530000 states 984919 /~ 2283274 sec 14.9704
processed 540000 states 1000362 /~ 2283274 sec 15.2458
processed 550000 states 1013704 /~ 2283274 sec 15.6271
processed 560000 states 1024889 /~ 2283274 sec 15.8923
processed 570000 states 1039937 /~ 2283274 sec 16.1421
processed 580000 states 1051973 /~ 2283274 sec 16.6302
processed 590000 states 1064713 /~ 2283274 sec 16.9794
processed 600000 states 1077880 /~ 2283274 sec 17.2164
processed 610000 states 1090028 /~ 2283274 sec 17.4697
processed 620000 states 1102475 /~ 2283274 sec 17.8274
processed 630000 states 1114704 /~ 2283274 sec 18.2002
processed 640000 states 1128592 /~ 2283274 sec 18.5422
processed 650000 states 1141638 /~ 2283274 sec 18.9367
processed 660000 states 1153643 /~ 2283274 sec 19.2817
processed 670000 states 1163705 /~ 2283274 sec 19.5373
processed 680000 states 1177164 /~ 2283274 sec 19.8744
processed 690000 states 1188762 /~ 2283274 sec 20.0887
processed 700000 states 1199448 /~ 2283274 sec 20.2901
processed 710000 states 1211088 /~ 2283274 sec 20.4937
processed 720000 states 1224449 /~ 2283274 sec 20.725
processed 730000 states 1235098 /~ 2283274 sec 21.0165
processed 740000 states 1246432 /~ 2283274 sec 21.2404
processed 750000 states 1257733 /~ 2283274 sec 21.4387
processed 760000 states 1269630 /~ 2283274 sec 21.6355
processed 770000 states 1282596 /~ 2283274 sec 21.8688
processed 780000 states 1293422 /~ 2283274 sec 22.0754
processed 790000 states 1305432 /~ 2283274 sec 22.274
processed 800000 states 1317881 /~ 2283274 sec 22.5335
processed 810000 states 1330720 /~ 2283274 sec 22.7848
processed 820000 states 1342543 /~ 2283274 sec 23.07
processed 830000 states 1353652 /~ 2283274 sec 23.3268
processed 840000 states 1363366 /~ 2283274 sec 23.5808
processed 850000 states 1372561 /~ 2283274 sec 23.7975
processed 860000 states 1381473 /~ 2283274 sec 24.0323
processed 870000 states 1387913 /~ 2283274 sec 24.2798
processed 880000 states 1397436 /~ 2283274 sec 24.4973
processed 890000 states 1405721 /~ 2283274 sec 24.7079
processed 900000 states 1413512 /~ 2283274 sec 24.9561
processed 910000 states 1420973 /~ 2283274 sec 25.2146
processed 920000 states 1425907 /~ 2283274 sec 25.5756
processed 930000 states 1440799 /~ 2283274 sec 25.9005
processed 940000 states 1453237 /~ 2283274 sec 26.1889
processed 950000 states 1465938 /~ 2283274 sec 26.5116
processed 960000 states 1476345 /~ 2283274 sec 26.7729
processed 970000 states 1488297 /~ 2283274 sec 27.0418
processed 980000 states 1501328 /~ 2283274 sec 27.3844
processed 990000 states 1514061 /~ 2283274 sec 27.6432
processed 1000000 states 1523976 /~ 2283274 sec 27.9147
processed 1010000 states 1530726 /~ 2283274 sec 28.2133
processed 1020000 states 1537575 /~ 2283274 sec 28.5406
processed 1030000 states 1547902 /~ 2283274 sec 28.793
processed 1040000 states 1558058 /~ 2283274 sec 29.0959
processed 1050000 states 1564893 /~ 2283274 sec 29.4012
processed 1060000 states 1572772 /~ 2283274 sec 29.7219
processed 1070000 states 1582466 /~ 2283274 sec 30.0012
processed 1080000 states 1589264 /~ 2283274 sec 30.3002
processed 1090000 states 1597552 /~ 2283274 sec 30.6207
processed 1100000 states 1606440 /~ 2283274 sec 30.8979
processed 1110000 states 1615114 /~ 2283274 sec 31.143
processed 1120000 states 1624946 /~ 2283274 sec 31.4461
processed 1130000 states 1635062 /~ 2283274 sec 31.6672
processed 1140000 states 1642747 /~ 2283274 sec 31.8772
processed 1150000 states 1649434 /~ 2283274 sec 32.103
processed 1160000 states 1654633 /~ 2283274 sec 32.3137
processed 1170000 states 1663992 /~ 2283274 sec 32.5005
processed 1180000 states 1672330 /~ 2283274 sec 32.6892
processed 1190000 states 1680678 /~ 2283274 sec 32.894
processed 1200000 states 1687665 /~ 2283274 sec 33.0912
processed 1210000 states 1696602 /~ 2283274 sec 33.2993
processed 1220000 states 1705126 /~ 2283274 sec 33.5015
processed 1230000 states 1713694 /~ 2283274 sec 33.7005
processed 1240000 states 1719813 /~ 2283274 sec 33.8902
processed 1250000 states 1729087 /~ 2283274 sec 34.0931
processed 1260000 states 1736864 /~ 2283274 sec 34.3156
processed 1270000 states 1745864 /~ 2283274 sec 34.5696
processed 1280000 states 1754832 /~ 2283274 sec 34.8132
processed 1290000 states 1763080 /~ 2283274 sec 35.0488
processed 1300000 states 1771728 /~ 2283274 sec 35.3787
processed 1310000 states 1780001 /~ 2283274 sec 35.6261
processed 1320000 states 1788774 /~ 2283274 sec 35.898
processed 1330000 states 1796155 /~ 2283274 sec 36.186
processed 1340000 states 1803359 /~ 2283274 sec 36.4414
processed 1350000 states 1811145 /~ 2283274 sec 36.7218
processed 1360000 states 1815395 /~ 2283274 sec 37.0379
processed 1370000 states 1819574 /~ 2283274 sec 37.3248
processed 1380000 states 1824046 /~ 2283274 sec 37.6128
processed 1390000 states 1828013 /~ 2283274 sec 37.9144
processed 1400000 states 1831543 /~ 2283274 sec 38.1803
processed 1410000 states 1834820 /~ 2283274 sec 38.4501
processed 1420000 states 1838109 /~ 2283274 sec 38.6661
processed 1430000 states 1844543 /~ 2283274 sec 38.872
processed 1440000 states 1853536 /~ 2283274 sec 39.1186
processed 1450000 states 1862225 /~ 2283274 sec 39.3882
processed 1460000 states 1870841 /~ 2283274 sec 39.6047
processed 1470000 states 1878520 /~ 2283274 sec 39.8092
processed 1480000 states 1885570 /~ 2283274 sec 40.0001
processed 1490000 states 1895709 /~ 2283274 sec 40.2071
processed 1500000 states 1903659 /~ 2283274 sec 40.4056
processed 1510000 states 1911179 /~ 2283274 sec 40.6108
processed 1520000 states 1917701 /~ 2283274 sec 40.8149
processed 1530000 states 1920643 /~ 2283274 sec 41.0357
processed 1540000 states 1923937 /~ 2283274 sec 41.249
processed 1550000 states 1930354 /~ 2283274 sec 41.4453
processed 1560000 states 1935145 /~ 2283274 sec 41.6439
processed 1570000 states 1939079 /~ 2283274 sec 41.8556
processed 1580000 states 1944286 /~ 2283274 sec 42.0806
processed 1590000 states 1948060 /~ 2283274 sec 42.3108
processed 1600000 states 1953642 /~ 2283274 sec 42.5231
processed 1610000 states 1959479 /~ 2283274 sec 42.8198
processed 1620000 states 1965633 /~ 2283274 sec 43.0913
processed 1630000 states 1971857 /~ 2283274 sec 43.3315
processed 1640000 states 1977201 /~ 2283274 sec 43.554
processed 1650000 states 1981881 /~ 2283274 sec 43.781
processed 1660000 states 1985899 /~ 2283274 sec 44.0796
processed 1670000 states 1991336 /~ 2283274 sec 44.4697
processed 1680000 states 1996641 /~ 2283274 sec 44.8474
processed 1690000 states 2001839 /~ 2283274 sec 45.1902
processed 1700000 states 2007357 /~ 2283274 sec 45.6237
processed 1710000 states 2013135 /~ 2283274 sec 46.0405
processed 1720000 states 2018648 /~ 2283274 sec 46.3407
processed 1730000 states 2025012 /~ 2283274 sec 46.6731
processed 1740000 states 2030470 /~ 2283274 sec 46.9755
processed 1750000 states 2035888 /~ 2283274 sec 47.2799
processed 1760000 states 2042523 /~ 2283274 sec 47.5218
processed 1770000 states 2047595 /~ 2283274 sec 47.8051
processed 1780000 states 2052573 /~ 2283274 sec 48.021
processed 1790000 states 2057659 /~ 2283274 sec 48.2419
processed 1800000 states 2062789 /~ 2283274 sec 48.453
processed 1810000 states 2069913 /~ 2283274 sec 48.6653
processed 1820000 states 2072046 /~ 2283274 sec 48.902
processed 1830000 states 2073378 /~ 2283274 sec 49.1309
processed 1840000 states 2074272 /~ 2283274 sec 49.4226
processed 1850000 states 2080913 /~ 2283274 sec 49.6384
processed 1860000 states 2086587 /~ 2283274 sec 49.8852
processed 1870000 states 2091858 /~ 2283274 sec 50.1073
processed 1880000 states 2096412 /~ 2283274 sec 50.3121
processed 1890000 states 2101339 /~ 2283274 sec 50.519
processed 1900000 states 2106239 /~ 2283274 sec 50.7254
processed 1910000 states 2110276 /~ 2283274 sec 50.9341
processed 1920000 states 2113224 /~ 2283274 sec 51.1368
processed 1930000 states 2116326 /~ 2283274 sec 51.3714
processed 1940000 states 2119366 /~ 2283274 sec 51.6393
processed 1950000 states 2122886 /~ 2283274 sec 51.8721
processed 1960000 states 2126987 /~ 2283274 sec 52.1171
processed 1970000 states 2131394 /~ 2283274 sec 52.4317
processed 1980000 states 2137006 /~ 2283274 sec 52.6641
processed 1990000 states 2140357 /~ 2283274 sec 52.9067
processed 2000000 states 2144062 /~ 2283274 sec 53.1221
processed 2010000 states 2148428 /~ 2283274 sec 53.3886
processed 2020000 states 2153437 /~ 2283274 sec 53.6175
processed 2030000 states 2157117 /~ 2283274 sec 53.8693
processed 2040000 states 2162320 /~ 2283274 sec 54.1328
processed 2050000 states 2166034 /~ 2283274 sec 54.3527
processed 2060000 states 2170844 /~ 2283274 sec 54.5572
processed 2070000 states 2177407 /~ 2283274 sec 54.8164
processed 2080000 states 2181236 /~ 2283274 sec 55.0592
processed 2090000 states 2184888 /~ 2283274 sec 55.3608
processed 2100000 states 2188360 /~ 2283274 sec 55.6159
processed 2110000 states 2191287 /~ 2283274 sec 55.9116
processed 2120000 states 2193665 /~ 2283274 sec 56.175
processed 2130000 states 2197199 /~ 2283274 sec 56.3811
processed 2140000 states 2201587 /~ 2283274 sec 56.6394
processed 2150000 states 2205137 /~ 2283274 sec 56.9277
processed 2160000 states 2208792 /~ 2283274 sec 57.1985
processed 2170000 states 2212784 /~ 2283274 sec 57.3993
processed 2180000 states 2218039 /~ 2283274 sec 57.6373
processed 2190000 states 2220453 /~ 2283274 sec 57.9165
processed 2200000 states 2222804 /~ 2283274 sec 58.1138
processed 2210000 states 2225615 /~ 2283274 sec 58.3052
processed 2220000 states 2228779 /~ 2283274 sec 58.5053
processed 2230000 states 2230619 /~ 2283274 sec 58.6948
COMPLETE 14 2 orbits 2230735 mass 124807200 seconds 70.0638
