processed 0 states 13 /~ 601051 sec 2.7599e-05
processed 10000 states 30388 /~ 601051 sec 0.292607
processed 20000 states 56729 /~ 601051 sec 0.56122
processed 30000 states 81181 /~ 601051 sec 0.849889
processed 40000 states 105020 /~ 601051 sec 1.12697
processed 50000 states 128269 /~ 601051 sec 1.46818
processed 60000 states 148517 /~ 601051 sec 1.83555
processed 70000 states 169929 /~ 601051 sec 2.09385
processed 80000 states 190047 /~ 601051 sec 2.38194
processed 90000 states 208576 /~ 601051 sec 2.62819
processed 100000 states 228451 /~ 601051 sec 2.84128
processed 110000 states 246665 /~ 601051 sec 3.08338
processed 120000 states 265162 /~ 601051 sec 3.33375
processed 130000 states 282447 /~ 601051 sec 3.54409
processed 140000 states 298109 /~ 601051 sec 3.76694
processed 150000 states 312171 /~ 601051 sec 3.98163
processed 160000 states 327204 /~ 601051 sec 4.27372
processed 170000 states 339600 /~ 601051 sec 4.59562
processed 180000 states 354844 /~ 601051 sec 4.86346
processed 190000 states 367956 /~ 601051 sec 5.08132
processed 200000 states 379475 /~ 601051 sec 5.29297
processed 210000 states 391330 /~ 601051 sec 5.56894
processed 220000 states 403477 /~ 601051 sec 5.86425
processed 230000 states 414781 /~ 601051 sec 6.15868
processed 240000 states 425311 /~ 601051 sec 6.4414
processed 250000 states 436397 /~ 601051 sec 6.66741
processed 260000 states 446624 /~ 601051 sec 6.89238
processed 270000 states 455588 /~ 601051 sec 7.22804
processed 280000 states 464743 /~ 601051 sec 7.456
processed 290000 states 472836 /~ 601051 sec 7.74063
processed 300000 states 480781 /~ 601051 sec 8.07385
processed 310000 states 488243 /~ 601051 sec 8.34642
processed 320000 states 494902 /~ 601051 sec 8.63578
processed 330000 states 501764 /~ 601051 sec 8.94549
processed 340000 states 507733 /~ 601051 sec 9.19253
processed 350000 states 514340 /~ 601051 sec 9.45119
processed 360000 states 521334 /~ 601051 sec 9.74846
processed 370000 states 528492 /~ 601051 sec 10.0402
processed 380000 states 533673 /~ 601051 sec 10.3582
processed 390000 states 539139 /~ 601051 sec 10.5986
processed 400000 states 543853 /~ 601051 sec 10.8679
processed 410000 states 548153 /~ 601051 sec 11.1757
processed 420000 states 551867 /~ 601051 sec 11.444
processed 430000 states 555548 /~ 601051 sec 11.6844
processed 440000 states 559186 /~ 601051 sec 11.965
processed 450000 states 562197 /~ 601051 sec 12.3265
processed 460000 states 564867 /~ 601051 sec 12.5838
processed 470000 states 567680 /~ 601051 sec 12.8649
processed 480000 states 570199 /~ 601051 sec 13.1309
processed 490000 states 572324 /~ 601051 sec 13.3969
processed 500000 states 574054 /~ 601051 sec 13.7347
processed 510000 states 575826 /~ 601051 sec 13.98
processed 520000 states 577144 /~ 601051 sec 14.2595
processed 530000 states 578008 /~ 601051 sec 14.4967
processed 540000 states 578671 /~ 601051 sec 14.8406
processed 550000 states 579133 /~ 601051 sec 15.0793
processed 560000 states 579544 /~ 601051 sec 15.3631
processed 570000 states 579778 /~ 601051 sec 15.7365
COMPLETE 15 1 orbits 579835 mass 17383860 seconds 19.9225
